MPLINK 4.47, Linker
Linker Map File - Created Thu Mar 21 23:12:14 2013

                                 Section Info
                  Section       Type    Address   Location Size(Bytes)
                ---------  ---------  ---------  ---------  ---------
                   .org_0       code   0x000000    program   0x000000
                   .org_1       code   0x000000    program   0x000002
                   .org_2       code   0x000004    program   0x000030



                              Program Memory Usage 
                               Start         End      
                           ---------   ---------      
                            0x000000    0x000000      
                            0x000004    0x00001b      
            25 out of 1093 program addresses used, program memory utilization is 2%



                              Symbols - Sorted by Name
                     Name    Address   Location    Storage File                     
                ---------  ---------  ---------  --------- ---------                
                     Main   0x000005    program     static C:\Documents and Settings\casa\Desktop\estudoEletronica\projeto_led_portas\prova_n2.asm
                   inicio   0x00000f    program     static C:\Documents and Settings\casa\Desktop\estudoEletronica\projeto_led_portas\prova_n2.asm
                    limpa   0x000019    program     static C:\Documents and Settings\casa\Desktop\estudoEletronica\projeto_led_portas\prova_n2.asm
                testaPRA2   0x000014    program     static C:\Documents and Settings\casa\Desktop\estudoEletronica\projeto_led_portas\prova_n2.asm



                              Symbols - Sorted by Address
                     Name    Address   Location    Storage File                     
                ---------  ---------  ---------  --------- ---------                
                     Main   0x000005    program     static C:\Documents and Settings\casa\Desktop\estudoEletronica\projeto_led_portas\prova_n2.asm
                   inicio   0x00000f    program     static C:\Documents and Settings\casa\Desktop\estudoEletronica\projeto_led_portas\prova_n2.asm
                testaPRA2   0x000014    program     static C:\Documents and Settings\casa\Desktop\estudoEletronica\projeto_led_portas\prova_n2.asm
                    limpa   0x000019    program     static C:\Documents and Settings\casa\Desktop\estudoEletronica\projeto_led_portas\prova_n2.asm


